Processing uno_debug (platform: atmelavr; board: uno; build_flags: -D DEBUG_ATMEGA328P; debug_tool: avr-stub; debug_port: COM3; lib_deps: fastled/FastLED@^3.9.9, z3t0/IRremote@^4.4.1, jdolinay/avr-debugger@^1.5; framework: arduino; monitor_speed: 115200; monitor_filters: send_on_enter; monitor_echo: True)
--------------------------------------------------------------------------------
Library Manager: Installing fastled/FastLED @ ^3.9.9
Unpacking 0% 10% 20% 30% 40% 50% 60% 70% 80% 90% 100%
Library Manager: FastLED@3.9.10 has been installed!
Library Manager: Installing z3t0/IRremote @ ^4.4.1
Unpacking 0% 10% 20% 30% 40% 50% 60% 70% 80% 90% 100%
Library Manager: IRremote@4.4.1 has been installed!
Library Manager: Installing jdolinay/avr-debugger @ ^1.5
Unpacking 0% 10% 20% 30% 40% 50% 60% 70% 80% 90% 100%
Library Manager: avr-debugger@1.5.0 has been installed!
CONFIGURATION: https://docs.platformio.org/page/boards/atmelavr/uno.html
PLATFORM: Atmel AVR (4.2.0) > Arduino Uno
HARDWARE: ATMEGA328P 16MHz, 2KB RAM, 31.50KB Flash
DEBUG: Current (avr-stub) External (avr-stub, simavr)
PACKAGES: 
 - framework-arduino-avr @ 5.1.0 
 - toolchain-atmelavr @ 1.70300.191015 (7.3.0)
LDF: Library Dependency Finder -> https://bit.ly/configure-pio-ldf
LDF Modes: Finder ~ chain, Compatibility ~ soft
Found 8 compatible libraries
Scanning dependencies...
Dependency Graph
|-- FastLED @ 3.9.10 (License: MIT, Path: D:\Coding\Arduino\project_template\.pio\libdeps\uno_debug\FastLED)
|-- IRremote @ 4.4.1 (License: Unknown, Path: D:\Coding\Arduino\project_template\.pio\libdeps\uno_debug\IRremote)
|-- avr-debugger @ 1.5.0 (License: Unknown, Path: D:\Coding\Arduino\project_template\.pio\libdeps\uno_debug\avr-debugger)
Building in release mode
avr-g++ -o .pio\build\uno_debug\libba5\FastLED\FastLED.cpp.o -c -fno-exceptions -fno-threadsafe-statics -fpermissive -std=gnu++11 -mmcu=atmega328p -Os -Wall -ffunction-sections -fdata-sections -flto -DPLATFORMIO=60116 -DARDUINO_AVR_UNO -DDEBUG_ATMEGA328P -DF_CPU=16000000L -DARDUINO_ARCH_AVR -DARDUINO=10808 -I.pio\libdeps\uno_debug\FastLED\src -IC:\Users\vikto\.platformio\packages\framework-arduino-avr\cores\arduino -IC:\Users\vikto\.platformio\packages\framework-arduino-avr\variants\standard .pio\libdeps\uno_debug\FastLED\src\FastLED.cpp
avr-g++ -o .pio\build\uno_debug\libba5\FastLED\bitswap.cpp.o -c -fno-exceptions -fno-threadsafe-statics -fpermissive -std=gnu++11 -mmcu=atmega328p -Os -Wall -ffunction-sections -fdata-sections -flto -DPLATFORMIO=60116 -DARDUINO_AVR_UNO -DDEBUG_ATMEGA328P -DF_CPU=16000000L -DARDUINO_ARCH_AVR -DARDUINO=10808 -I.pio\libdeps\uno_debug\FastLED\src -IC:\Users\vikto\.platformio\packages\framework-arduino-avr\cores\arduino -IC:\Users\vikto\.platformio\packages\framework-arduino-avr\variants\standard .pio\libdeps\uno_debug\FastLED\src\bitswap.cpp
avr-g++ -o .pio\build\uno_debug\libba5\FastLED\cled_controller.cpp.o -c -fno-exceptions -fno-threadsafe-statics -fpermissive -std=gnu++11 -mmcu=atmega328p -Os -Wall -ffunction-sections -fdata-sections -flto -DPLATFORMIO=60116 -DARDUINO_AVR_UNO -DDEBUG_ATMEGA328P -DF_CPU=16000000L -DARDUINO_ARCH_AVR -DARDUINO=10808 -I.pio\libdeps\uno_debug\FastLED\src -IC:\Users\vikto\.platformio\packages\framework-arduino-avr\cores\arduino -IC:\Users\vikto\.platformio\packages\framework-arduino-avr\variants\standard .pio\libdeps\uno_debug\FastLED\src\cled_controller.cpp
avr-g++ -o .pio\build\uno_debug\libba5\FastLED\colorpalettes.cpp.o -c -fno-exceptions -fno-threadsafe-statics -fpermissive -std=gnu++11 -mmcu=atmega328p -Os -Wall -ffunction-sections -fdata-sections -flto -DPLATFORMIO=60116 -DARDUINO_AVR_UNO -DDEBUG_ATMEGA328P -DF_CPU=16000000L -DARDUINO_ARCH_AVR -DARDUINO=10808 -I.pio\libdeps\uno_debug\FastLED\src -IC:\Users\vikto\.platformio\packages\framework-arduino-avr\cores\arduino -IC:\Users\vikto\.platformio\packages\framework-arduino-avr\variants\standard .pio\libdeps\uno_debug\FastLED\src\colorpalettes.cpp
avr-g++ -o .pio\build\uno_debug\libba5\FastLED\colorutils.cpp.o -c -fno-exceptions -fno-threadsafe-statics -fpermissive -std=gnu++11 -mmcu=atmega328p -Os -Wall -ffunction-sections -fdata-sections -flto -DPLATFORMIO=60116 -DARDUINO_AVR_UNO -DDEBUG_ATMEGA328P -DF_CPU=16000000L -DARDUINO_ARCH_AVR -DARDUINO=10808 -I.pio\libdeps\uno_debug\FastLED\src -IC:\Users\vikto\.platformio\packages\framework-arduino-avr\cores\arduino -IC:\Users\vikto\.platformio\packages\framework-arduino-avr\variants\standard .pio\libdeps\uno_debug\FastLED\src\colorutils.cpp
avr-g++ -o .pio\build\uno_debug\libba5\FastLED\crgb.cpp.o -c -fno-exceptions -fno-threadsafe-statics -fpermissive -std=gnu++11 -mmcu=atmega328p -Os -Wall -ffunction-sections -fdata-sections -flto -DPLATFORMIO=60116 -DARDUINO_AVR_UNO -DDEBUG_ATMEGA328P -DF_CPU=16000000L -DARDUINO_ARCH_AVR -DARDUINO=10808 -I.pio\libdeps\uno_debug\FastLED\src -IC:\Users\vikto\.platformio\packages\framework-arduino-avr\cores\arduino -IC:\Users\vikto\.platformio\packages\framework-arduino-avr\variants\standard .pio\libdeps\uno_debug\FastLED\src\crgb.cpp
avr-g++ -o .pio\build\uno_debug\libba5\FastLED\five_bit_hd_gamma.cpp.o -c -fno-exceptions -fno-threadsafe-statics -fpermissive -std=gnu++11 -mmcu=atmega328p -Os -Wall -ffunction-sections -fdata-sections -flto -DPLATFORMIO=60116 -DARDUINO_AVR_UNO -DDEBUG_ATMEGA328P -DF_CPU=16000000L -DARDUINO_ARCH_AVR -DARDUINO=10808 -I.pio\libdeps\uno_debug\FastLED\src -IC:\Users\vikto\.platformio\packages\framework-arduino-avr\cores\arduino -IC:\Users\vikto\.platformio\packages\framework-arduino-avr\variants\standard .pio\libdeps\uno_debug\FastLED\src\five_bit_hd_gamma.cpp
avr-g++ -o .pio\build\uno_debug\libba5\FastLED\fl\allocator.cpp.o -c -fno-exceptions -fno-threadsafe-statics -fpermissive -std=gnu++11 -mmcu=atmega328p -Os -Wall -ffunction-sections -fdata-sections -flto -DPLATFORMIO=60116 -DARDUINO_AVR_UNO -DDEBUG_ATMEGA328P -DF_CPU=16000000L -DARDUINO_ARCH_AVR -DARDUINO=10808 -I.pio\libdeps\uno_debug\FastLED\src -IC:\Users\vikto\.platformio\packages\framework-arduino-avr\cores\arduino -IC:\Users\vikto\.platformio\packages\framework-arduino-avr\variants\standard .pio\libdeps\uno_debug\FastLED\src\fl\allocator.cpp
avr-g++ -o .pio\build\uno_debug\libba5\FastLED\fl\bytestreammemory.cpp.o -c -fno-exceptions -fno-threadsafe-statics -fpermissive -std=gnu++11 -mmcu=atmega328p -Os -Wall -ffunction-sections -fdata-sections -flto -DPLATFORMIO=60116 -DARDUINO_AVR_UNO -DDEBUG_ATMEGA328P -DF_CPU=16000000L -DARDUINO_ARCH_AVR -DARDUINO=10808 -I.pio\libdeps\uno_debug\FastLED\src -IC:\Users\vikto\.platformio\packages\framework-arduino-avr\cores\arduino -IC:\Users\vikto\.platformio\packages\framework-arduino-avr\variants\standard .pio\libdeps\uno_debug\FastLED\src\fl\bytestreammemory.cpp
avr-g++ -o .pio\build\uno_debug\libba5\FastLED\fl\engine_events.cpp.o -c -fno-exceptions -fno-threadsafe-statics -fpermissive -std=gnu++11 -mmcu=atmega328p -Os -Wall -ffunction-sections -fdata-sections -flto -DPLATFORMIO=60116 -DARDUINO_AVR_UNO -DDEBUG_ATMEGA328P -DF_CPU=16000000L -DARDUINO_ARCH_AVR -DARDUINO=10808 -I.pio\libdeps\uno_debug\FastLED\src -IC:\Users\vikto\.platformio\packages\framework-arduino-avr\cores\arduino -IC:\Users\vikto\.platformio\packages\framework-arduino-avr\variants\standard .pio\libdeps\uno_debug\FastLED\src\fl\engine_events.cpp
avr-g++ -o .pio\build\uno_debug\libba5\FastLED\fl\file_system.cpp.o -c -fno-exceptions -fno-threadsafe-statics -fpermissive -std=gnu++11 -mmcu=atmega328p -Os -Wall -ffunction-sections -fdata-sections -flto -DPLATFORMIO=60116 -DARDUINO_AVR_UNO -DDEBUG_ATMEGA328P -DF_CPU=16000000L -DARDUINO_ARCH_AVR -DARDUINO=10808 -I.pio\libdeps\uno_debug\FastLED\src -IC:\Users\vikto\.platformio\packages\framework-arduino-avr\cores\arduino -IC:\Users\vikto\.platformio\packages\framework-arduino-avr\variants\standard .pio\libdeps\uno_debug\FastLED\src\fl\file_system.cpp
avr-g++ -o .pio\build\uno_debug\libba5\FastLED\fl\json.cpp.o -c -fno-exceptions -fno-threadsafe-statics -fpermissive -std=gnu++11 -mmcu=atmega328p -Os -Wall -ffunction-sections -fdata-sections -flto -DPLATFORMIO=60116 -DARDUINO_AVR_UNO -DDEBUG_ATMEGA328P -DF_CPU=16000000L -DARDUINO_ARCH_AVR -DARDUINO=10808 -I.pio\libdeps\uno_debug\FastLED\src -IC:\Users\vikto\.platformio\packages\framework-arduino-avr\cores\arduino -IC:\Users\vikto\.platformio\packages\framework-arduino-avr\variants\standard .pio\libdeps\uno_debug\FastLED\src\fl\json.cpp
avr-g++ -o .pio\build\uno_debug\libba5\FastLED\fl\ref.cpp.o -c -fno-exceptions -fno-threadsafe-statics -fpermissive -std=gnu++11 -mmcu=atmega328p -Os -Wall -ffunction-sections -fdata-sections -flto -DPLATFORMIO=60116 -DARDUINO_AVR_UNO -DDEBUG_ATMEGA328P -DF_CPU=16000000L -DARDUINO_ARCH_AVR -DARDUINO=10808 -I.pio\libdeps\uno_debug\FastLED\src -IC:\Users\vikto\.platformio\packages\framework-arduino-avr\cores\arduino -IC:\Users\vikto\.platformio\packages\framework-arduino-avr\variants\standard .pio\libdeps\uno_debug\FastLED\src\fl\ref.cpp
avr-g++ -o .pio\build\uno_debug\libba5\FastLED\fl\screenmap.cpp.o -c -fno-exceptions -fno-threadsafe-statics -fpermissive -std=gnu++11 -mmcu=atmega328p -Os -Wall -ffunction-sections -fdata-sections -flto -DPLATFORMIO=60116 -DARDUINO_AVR_UNO -DDEBUG_ATMEGA328P -DF_CPU=16000000L -DARDUINO_ARCH_AVR -DARDUINO=10808 -I.pio\libdeps\uno_debug\FastLED\src -IC:\Users\vikto\.platformio\packages\framework-arduino-avr\cores\arduino -IC:\Users\vikto\.platformio\packages\framework-arduino-avr\variants\standard .pio\libdeps\uno_debug\FastLED\src\fl\screenmap.cpp
avr-g++ -o .pio\build\uno_debug\libba5\FastLED\fl\str.cpp.o -c -fno-exceptions -fno-threadsafe-statics -fpermissive -std=gnu++11 -mmcu=atmega328p -Os -Wall -ffunction-sections -fdata-sections -flto -DPLATFORMIO=60116 -DARDUINO_AVR_UNO -DDEBUG_ATMEGA328P -DF_CPU=16000000L -DARDUINO_ARCH_AVR -DARDUINO=10808 -I.pio\libdeps\uno_debug\FastLED\src -IC:\Users\vikto\.platformio\packages\framework-arduino-avr\cores\arduino -IC:\Users\vikto\.platformio\packages\framework-arduino-avr\variants\standard .pio\libdeps\uno_debug\FastLED\src\fl\str.cpp
avr-g++ -o .pio\build\uno_debug\libba5\FastLED\fl\stub_main.cpp.o -c -fno-exceptions -fno-threadsafe-statics -fpermissive -std=gnu++11 -mmcu=atmega328p -Os -Wall -ffunction-sections -fdata-sections -flto -DPLATFORMIO=60116 -DARDUINO_AVR_UNO -DDEBUG_ATMEGA328P -DF_CPU=16000000L -DARDUINO_ARCH_AVR -DARDUINO=10808 -I.pio\libdeps\uno_debug\FastLED\src -IC:\Users\vikto\.platformio\packages\framework-arduino-avr\cores\arduino -IC:\Users\vikto\.platformio\packages\framework-arduino-avr\variants\standard .pio\libdeps\uno_debug\FastLED\src\fl\stub_main.cpp
avr-g++ -o .pio\build\uno_debug\libba5\FastLED\fl\xmap.cpp.o -c -fno-exceptions -fno-threadsafe-statics -fpermissive -std=gnu++11 -mmcu=atmega328p -Os -Wall -ffunction-sections -fdata-sections -flto -DPLATFORMIO=60116 -DARDUINO_AVR_UNO -DDEBUG_ATMEGA328P -DF_CPU=16000000L -DARDUINO_ARCH_AVR -DARDUINO=10808 -I.pio\libdeps\uno_debug\FastLED\src -IC:\Users\vikto\.platformio\packages\framework-arduino-avr\cores\arduino -IC:\Users\vikto\.platformio\packages\framework-arduino-avr\variants\standard .pio\libdeps\uno_debug\FastLED\src\fl\xmap.cpp
avr-g++ -o .pio\build\uno_debug\libba5\FastLED\fl\xymap.cpp.o -c -fno-exceptions -fno-threadsafe-statics -fpermissive -std=gnu++11 -mmcu=atmega328p -Os -Wall -ffunction-sections -fdata-sections -flto -DPLATFORMIO=60116 -DARDUINO_AVR_UNO -DDEBUG_ATMEGA328P -DF_CPU=16000000L -DARDUINO_ARCH_AVR -DARDUINO=10808 -I.pio\libdeps\uno_debug\FastLED\src -IC:\Users\vikto\.platformio\packages\framework-arduino-avr\cores\arduino -IC:\Users\vikto\.platformio\packages\framework-arduino-avr\variants\standard .pio\libdeps\uno_debug\FastLED\src\fl\xymap.cpp
avr-g++ -o .pio\build\uno_debug\libba5\FastLED\fx\2d\bilinear_expansion.cpp.o -c -fno-exceptions -fno-threadsafe-statics -fpermissive -std=gnu++11 -mmcu=atmega328p -Os -Wall -ffunction-sections -fdata-sections -flto -DPLATFORMIO=60116 -DARDUINO_AVR_UNO -DDEBUG_ATMEGA328P -DF_CPU=16000000L -DARDUINO_ARCH_AVR -DARDUINO=10808 -I.pio\libdeps\uno_debug\FastLED\src -IC:\Users\vikto\.platformio\packages\framework-arduino-avr\cores\arduino -IC:\Users\vikto\.platformio\packages\framework-arduino-avr\variants\standard .pio\libdeps\uno_debug\FastLED\src\fx\2d\bilinear_expansion.cpp
avr-g++ -o .pio\build\uno_debug\libba5\FastLED\fx\2d\noisepalette.cpp.o -c -fno-exceptions -fno-threadsafe-statics -fpermissive -std=gnu++11 -mmcu=atmega328p -Os -Wall -ffunction-sections -fdata-sections -flto -DPLATFORMIO=60116 -DARDUINO_AVR_UNO -DDEBUG_ATMEGA328P -DF_CPU=16000000L -DARDUINO_ARCH_AVR -DARDUINO=10808 -I.pio\libdeps\uno_debug\FastLED\src -IC:\Users\vikto\.platformio\packages\framework-arduino-avr\cores\arduino -IC:\Users\vikto\.platformio\packages\framework-arduino-avr\variants\standard .pio\libdeps\uno_debug\FastLED\src\fx\2d\noisepalette.cpp
avr-g++ -o .pio\build\uno_debug\libba5\FastLED\fx\2d\scale_up.cpp.o -c -fno-exceptions -fno-threadsafe-statics -fpermissive -std=gnu++11 -mmcu=atmega328p -Os -Wall -ffunction-sections -fdata-sections -flto -DPLATFORMIO=60116 -DARDUINO_AVR_UNO -DDEBUG_ATMEGA328P -DF_CPU=16000000L -DARDUINO_ARCH_AVR -DARDUINO=10808 -I.pio\libdeps\uno_debug\FastLED\src -IC:\Users\vikto\.platformio\packages\framework-arduino-avr\cores\arduino -IC:\Users\vikto\.platformio\packages\framework-arduino-avr\variants\standard .pio\libdeps\uno_debug\FastLED\src\fx\2d\scale_up.cpp
avr-g++ -o .pio\build\uno_debug\libba5\FastLED\fx\frame.cpp.o -c -fno-exceptions -fno-threadsafe-statics -fpermissive -std=gnu++11 -mmcu=atmega328p -Os -Wall -ffunction-sections -fdata-sections -flto -DPLATFORMIO=60116 -DARDUINO_AVR_UNO -DDEBUG_ATMEGA328P -DF_CPU=16000000L -DARDUINO_ARCH_AVR -DARDUINO=10808 -I.pio\libdeps\uno_debug\FastLED\src -IC:\Users\vikto\.platformio\packages\framework-arduino-avr\cores\arduino -IC:\Users\vikto\.platformio\packages\framework-arduino-avr\variants\standard .pio\libdeps\uno_debug\FastLED\src\fx\frame.cpp
avr-g++ -o .pio\build\uno_debug\libba5\FastLED\fx\fx_engine.cpp.o -c -fno-exceptions -fno-threadsafe-statics -fpermissive -std=gnu++11 -mmcu=atmega328p -Os -Wall -ffunction-sections -fdata-sections -flto -DPLATFORMIO=60116 -DARDUINO_AVR_UNO -DDEBUG_ATMEGA328P -DF_CPU=16000000L -DARDUINO_ARCH_AVR -DARDUINO=10808 -I.pio\libdeps\uno_debug\FastLED\src -IC:\Users\vikto\.platformio\packages\framework-arduino-avr\cores\arduino -IC:\Users\vikto\.platformio\packages\framework-arduino-avr\variants\standard .pio\libdeps\uno_debug\FastLED\src\fx\fx_engine.cpp
avr-g++ -o .pio\build\uno_debug\libba5\FastLED\fx\time.cpp.o -c -fno-exceptions -fno-threadsafe-statics -fpermissive -std=gnu++11 -mmcu=atmega328p -Os -Wall -ffunction-sections -fdata-sections -flto -DPLATFORMIO=60116 -DARDUINO_AVR_UNO -DDEBUG_ATMEGA328P -DF_CPU=16000000L -DARDUINO_ARCH_AVR -DARDUINO=10808 -I.pio\libdeps\uno_debug\FastLED\src -IC:\Users\vikto\.platformio\packages\framework-arduino-avr\cores\arduino -IC:\Users\vikto\.platformio\packages\framework-arduino-avr\variants\standard .pio\libdeps\uno_debug\FastLED\src\fx\time.cpp
avr-g++ -o .pio\build\uno_debug\libba5\FastLED\fx\video.cpp.o -c -fno-exceptions -fno-threadsafe-statics -fpermissive -std=gnu++11 -mmcu=atmega328p -Os -Wall -ffunction-sections -fdata-sections -flto -DPLATFORMIO=60116 -DARDUINO_AVR_UNO -DDEBUG_ATMEGA328P -DF_CPU=16000000L -DARDUINO_ARCH_AVR -DARDUINO=10808 -I.pio\libdeps\uno_debug\FastLED\src -IC:\Users\vikto\.platformio\packages\framework-arduino-avr\cores\arduino -IC:\Users\vikto\.platformio\packages\framework-arduino-avr\variants\standard .pio\libdeps\uno_debug\FastLED\src\fx\video.cpp
avr-g++ -o .pio\build\uno_debug\libba5\FastLED\fx\video\frame_interpolator.cpp.o -c -fno-exceptions -fno-threadsafe-statics -fpermissive -std=gnu++11 -mmcu=atmega328p -Os -Wall -ffunction-sections -fdata-sections -flto -DPLATFORMIO=60116 -DARDUINO_AVR_UNO -DDEBUG_ATMEGA328P -DF_CPU=16000000L -DARDUINO_ARCH_AVR -DARDUINO=10808 -I.pio\libdeps\uno_debug\FastLED\src -IC:\Users\vikto\.platformio\packages\framework-arduino-avr\cores\arduino -IC:\Users\vikto\.platformio\packages\framework-arduino-avr\variants\standard .pio\libdeps\uno_debug\FastLED\src\fx\video\frame_interpolator.cpp
avr-g++ -o .pio\build\uno_debug\libba5\FastLED\fx\video\frame_tracker.cpp.o -c -fno-exceptions -fno-threadsafe-statics -fpermissive -std=gnu++11 -mmcu=atmega328p -Os -Wall -ffunction-sections -fdata-sections -flto -DPLATFORMIO=60116 -DARDUINO_AVR_UNO -DDEBUG_ATMEGA328P -DF_CPU=16000000L -DARDUINO_ARCH_AVR -DARDUINO=10808 -I.pio\libdeps\uno_debug\FastLED\src -IC:\Users\vikto\.platformio\packages\framework-arduino-avr\cores\arduino -IC:\Users\vikto\.platformio\packages\framework-arduino-avr\variants\standard .pio\libdeps\uno_debug\FastLED\src\fx\video\frame_tracker.cpp
avr-g++ -o .pio\build\uno_debug\libba5\FastLED\fx\video\pixel_stream.cpp.o -c -fno-exceptions -fno-threadsafe-statics -fpermissive -std=gnu++11 -mmcu=atmega328p -Os -Wall -ffunction-sections -fdata-sections -flto -DPLATFORMIO=60116 -DARDUINO_AVR_UNO -DDEBUG_ATMEGA328P -DF_CPU=16000000L -DARDUINO_ARCH_AVR -DARDUINO=10808 -I.pio\libdeps\uno_debug\FastLED\src -IC:\Users\vikto\.platformio\packages\framework-arduino-avr\cores\arduino -IC:\Users\vikto\.platformio\packages\framework-arduino-avr\variants\standard .pio\libdeps\uno_debug\FastLED\src\fx\video\pixel_stream.cpp
avr-g++ -o .pio\build\uno_debug\libba5\FastLED\fx\video\video_impl.cpp.o -c -fno-exceptions -fno-threadsafe-statics -fpermissive -std=gnu++11 -mmcu=atmega328p -Os -Wall -ffunction-sections -fdata-sections -flto -DPLATFORMIO=60116 -DARDUINO_AVR_UNO -DDEBUG_ATMEGA328P -DF_CPU=16000000L -DARDUINO_ARCH_AVR -DARDUINO=10808 -I.pio\libdeps\uno_debug\FastLED\src -IC:\Users\vikto\.platformio\packages\framework-arduino-avr\cores\arduino -IC:\Users\vikto\.platformio\packages\framework-arduino-avr\variants\standard .pio\libdeps\uno_debug\FastLED\src\fx\video\video_impl.cpp
avr-g++ -o .pio\build\uno_debug\libba5\FastLED\hsv2rgb.cpp.o -c -fno-exceptions -fno-threadsafe-statics -fpermissive -std=gnu++11 -mmcu=atmega328p -Os -Wall -ffunction-sections -fdata-sections -flto -DPLATFORMIO=60116 -DARDUINO_AVR_UNO -DDEBUG_ATMEGA328P -DF_CPU=16000000L -DARDUINO_ARCH_AVR -DARDUINO=10808 -I.pio\libdeps\uno_debug\FastLED\src -IC:\Users\vikto\.platformio\packages\framework-arduino-avr\cores\arduino -IC:\Users\vikto\.platformio\packages\framework-arduino-avr\variants\standard .pio\libdeps\uno_debug\FastLED\src\hsv2rgb.cpp
avr-g++ -o .pio\build\uno_debug\libba5\FastLED\lib8tion.cpp.o -c -fno-exceptions -fno-threadsafe-statics -fpermissive -std=gnu++11 -mmcu=atmega328p -Os -Wall -ffunction-sections -fdata-sections -flto -DPLATFORMIO=60116 -DARDUINO_AVR_UNO -DDEBUG_ATMEGA328P -DF_CPU=16000000L -DARDUINO_ARCH_AVR -DARDUINO=10808 -I.pio\libdeps\uno_debug\FastLED\src -IC:\Users\vikto\.platformio\packages\framework-arduino-avr\cores\arduino -IC:\Users\vikto\.platformio\packages\framework-arduino-avr\variants\standard .pio\libdeps\uno_debug\FastLED\src\lib8tion.cpp
avr-g++ -o .pio\build\uno_debug\libba5\FastLED\noise.cpp.o -c -fno-exceptions -fno-threadsafe-statics -fpermissive -std=gnu++11 -mmcu=atmega328p -Os -Wall -ffunction-sections -fdata-sections -flto -DPLATFORMIO=60116 -DARDUINO_AVR_UNO -DDEBUG_ATMEGA328P -DF_CPU=16000000L -DARDUINO_ARCH_AVR -DARDUINO=10808 -I.pio\libdeps\uno_debug\FastLED\src -IC:\Users\vikto\.platformio\packages\framework-arduino-avr\cores\arduino -IC:\Users\vikto\.platformio\packages\framework-arduino-avr\variants\standard .pio\libdeps\uno_debug\FastLED\src\noise.cpp
avr-g++ -o .pio\build\uno_debug\libba5\FastLED\platforms.cpp.o -c -fno-exceptions -fno-threadsafe-statics -fpermissive -std=gnu++11 -mmcu=atmega328p -Os -Wall -ffunction-sections -fdata-sections -flto -DPLATFORMIO=60116 -DARDUINO_AVR_UNO -DDEBUG_ATMEGA328P -DF_CPU=16000000L -DARDUINO_ARCH_AVR -DARDUINO=10808 -I.pio\libdeps\uno_debug\FastLED\src -IC:\Users\vikto\.platformio\packages\framework-arduino-avr\cores\arduino -IC:\Users\vikto\.platformio\packages\framework-arduino-avr\variants\standard .pio\libdeps\uno_debug\FastLED\src\platforms.cpp
avr-g++ -o .pio\build\uno_debug\libba5\FastLED\platforms\arm\k20\clockless_objectfled.cpp.o -c -fno-exceptions -fno-threadsafe-statics -fpermissive -std=gnu++11 -mmcu=atmega328p -Os -Wall -ffunction-sections -fdata-sections -flto -DPLATFORMIO=60116 -DARDUINO_AVR_UNO -DDEBUG_ATMEGA328P -DF_CPU=16000000L -DARDUINO_ARCH_AVR -DARDUINO=10808 -I.pio\libdeps\uno_debug\FastLED\src -IC:\Users\vikto\.platformio\packages\framework-arduino-avr\cores\arduino -IC:\Users\vikto\.platformio\packages\framework-arduino-avr\variants\standard .pio\libdeps\uno_debug\FastLED\src\platforms\arm\k20\clockless_objectfled.cpp
avr-g++ -o .pio\build\uno_debug\libba5\FastLED\platforms\esp\32\clockless_i2s_esp32s3.cpp.o -c -fno-exceptions -fno-threadsafe-statics -fpermissive -std=gnu++11 -mmcu=atmega328p -Os -Wall -ffunction-sections -fdata-sections -flto -DPLATFORMIO=60116 -DARDUINO_AVR_UNO -DDEBUG_ATMEGA328P -DF_CPU=16000000L -DARDUINO_ARCH_AVR -DARDUINO=10808 -I.pio\libdeps\uno_debug\FastLED\src -IC:\Users\vikto\.platformio\packages\framework-arduino-avr\cores\arduino -IC:\Users\vikto\.platformio\packages\framework-arduino-avr\variants\standard .pio\libdeps\uno_debug\FastLED\src\platforms\esp\32\clockless_i2s_esp32s3.cpp
avr-g++ -o .pio\build\uno_debug\libba5\FastLED\platforms\esp\32\experimental\s3_clockless_and_clocked_driver.cpp.o -c -fno-exceptions -fno-threadsafe-statics -fpermissive -std=gnu++11 -mmcu=atmega328p -Os -Wall -ffunction-sections -fdata-sections -flto -DPLATFORMIO=60116 -DARDUINO_AVR_UNO -DDEBUG_ATMEGA328P -DF_CPU=16000000L -DARDUINO_ARCH_AVR -DARDUINO=10808 -I.pio\libdeps\uno_debug\FastLED\src -IC:\Users\vikto\.platformio\packages\framework-arduino-avr\cores\arduino -IC:\Users\vikto\.platformio\packages\framework-arduino-avr\variants\standard .pio\libdeps\uno_debug\FastLED\src\platforms\esp\32\experimental\s3_clockless_and_clocked_driver.cpp
avr-g++ -o .pio\build\uno_debug\libba5\FastLED\platforms\esp\32\rmt\idf4_rmt.cpp.o -c -fno-exceptions -fno-threadsafe-statics -fpermissive -std=gnu++11 -mmcu=atmega328p -Os -Wall -ffunction-sections -fdata-sections -flto -DPLATFORMIO=60116 -DARDUINO_AVR_UNO -DDEBUG_ATMEGA328P -DF_CPU=16000000L -DARDUINO_ARCH_AVR -DARDUINO=10808 -I.pio\libdeps\uno_debug\FastLED\src -IC:\Users\vikto\.platformio\packages\framework-arduino-avr\cores\arduino -IC:\Users\vikto\.platformio\packages\framework-arduino-avr\variants\standard .pio\libdeps\uno_debug\FastLED\src\platforms\esp\32\rmt\idf4_rmt.cpp
avr-g++ -o .pio\build\uno_debug\libba5\FastLED\platforms\esp\32\rmt\idf4_rmt_impl.cpp.o -c -fno-exceptions -fno-threadsafe-statics -fpermissive -std=gnu++11 -mmcu=atmega328p -Os -Wall -ffunction-sections -fdata-sections -flto -DPLATFORMIO=60116 -DARDUINO_AVR_UNO -DDEBUG_ATMEGA328P -DF_CPU=16000000L -DARDUINO_ARCH_AVR -DARDUINO=10808 -I.pio\libdeps\uno_debug\FastLED\src -IC:\Users\vikto\.platformio\packages\framework-arduino-avr\cores\arduino -IC:\Users\vikto\.platformio\packages\framework-arduino-avr\variants\standard .pio\libdeps\uno_debug\FastLED\src\platforms\esp\32\rmt\idf4_rmt_impl.cpp
avr-g++ -o .pio\build\uno_debug\libba5\FastLED\platforms\esp\32\rmt\idf5_rmt.cpp.o -c -fno-exceptions -fno-threadsafe-statics -fpermissive -std=gnu++11 -mmcu=atmega328p -Os -Wall -ffunction-sections -fdata-sections -flto -DPLATFORMIO=60116 -DARDUINO_AVR_UNO -DDEBUG_ATMEGA328P -DF_CPU=16000000L -DARDUINO_ARCH_AVR -DARDUINO=10808 -I.pio\libdeps\uno_debug\FastLED\src -IC:\Users\vikto\.platformio\packages\framework-arduino-avr\cores\arduino -IC:\Users\vikto\.platformio\packages\framework-arduino-avr\variants\standard .pio\libdeps\uno_debug\FastLED\src\platforms\esp\32\rmt\idf5_rmt.cpp
avr-g++ -o .pio\build\uno_debug\libba5\FastLED\platforms\wasm\active_strip_data.cpp.o -c -fno-exceptions -fno-threadsafe-statics -fpermissive -std=gnu++11 -mmcu=atmega328p -Os -Wall -ffunction-sections -fdata-sections -flto -DPLATFORMIO=60116 -DARDUINO_AVR_UNO -DDEBUG_ATMEGA328P -DF_CPU=16000000L -DARDUINO_ARCH_AVR -DARDUINO=10808 -I.pio\libdeps\uno_debug\FastLED\src -IC:\Users\vikto\.platformio\packages\framework-arduino-avr\cores\arduino -IC:\Users\vikto\.platformio\packages\framework-arduino-avr\variants\standard .pio\libdeps\uno_debug\FastLED\src\platforms\wasm\active_strip_data.cpp
avr-g++ -o .pio\build\uno_debug\libba5\FastLED\platforms\wasm\compiler\Arduino.cpp.o -c -fno-exceptions -fno-threadsafe-statics -fpermissive -std=gnu++11 -mmcu=atmega328p -Os -Wall -ffunction-sections -fdata-sections -flto -DPLATFORMIO=60116 -DARDUINO_AVR_UNO -DDEBUG_ATMEGA328P -DF_CPU=16000000L -DARDUINO_ARCH_AVR -DARDUINO=10808 -I.pio\libdeps\uno_debug\FastLED\src -IC:\Users\vikto\.platformio\packages\framework-arduino-avr\cores\arduino -IC:\Users\vikto\.platformio\packages\framework-arduino-avr\variants\standard .pio\libdeps\uno_debug\FastLED\src\platforms\wasm\compiler\Arduino.cpp
avr-g++ -o .pio\build\uno_debug\libba5\FastLED\platforms\wasm\engine_listener.cpp.o -c -fno-exceptions -fno-threadsafe-statics -fpermissive -std=gnu++11 -mmcu=atmega328p -Os -Wall -ffunction-sections -fdata-sections -flto -DPLATFORMIO=60116 -DARDUINO_AVR_UNO -DDEBUG_ATMEGA328P -DF_CPU=16000000L -DARDUINO_ARCH_AVR -DARDUINO=10808 -I.pio\libdeps\uno_debug\FastLED\src -IC:\Users\vikto\.platformio\packages\framework-arduino-avr\cores\arduino -IC:\Users\vikto\.platformio\packages\framework-arduino-avr\variants\standard .pio\libdeps\uno_debug\FastLED\src\platforms\wasm\engine_listener.cpp
avr-g++ -o .pio\build\uno_debug\libba5\FastLED\platforms\wasm\fs_wasm.cpp.o -c -fno-exceptions -fno-threadsafe-statics -fpermissive -std=gnu++11 -mmcu=atmega328p -Os -Wall -ffunction-sections -fdata-sections -flto -DPLATFORMIO=60116 -DARDUINO_AVR_UNO -DDEBUG_ATMEGA328P -DF_CPU=16000000L -DARDUINO_ARCH_AVR -DARDUINO=10808 -I.pio\libdeps\uno_debug\FastLED\src -IC:\Users\vikto\.platformio\packages\framework-arduino-avr\cores\arduino -IC:\Users\vikto\.platformio\packages\framework-arduino-avr\variants\standard .pio\libdeps\uno_debug\FastLED\src\platforms\wasm\fs_wasm.cpp
avr-g++ -o .pio\build\uno_debug\libba5\FastLED\platforms\wasm\js.cpp.o -c -fno-exceptions -fno-threadsafe-statics -fpermissive -std=gnu++11 -mmcu=atmega328p -Os -Wall -ffunction-sections -fdata-sections -flto -DPLATFORMIO=60116 -DARDUINO_AVR_UNO -DDEBUG_ATMEGA328P -DF_CPU=16000000L -DARDUINO_ARCH_AVR -DARDUINO=10808 -I.pio\libdeps\uno_debug\FastLED\src -IC:\Users\vikto\.platformio\packages\framework-arduino-avr\cores\arduino -IC:\Users\vikto\.platformio\packages\framework-arduino-avr\variants\standard .pio\libdeps\uno_debug\FastLED\src\platforms\wasm\js.cpp
avr-g++ -o .pio\build\uno_debug\libba5\FastLED\platforms\wasm\timer.cpp.o -c -fno-exceptions -fno-threadsafe-statics -fpermissive -std=gnu++11 -mmcu=atmega328p -Os -Wall -ffunction-sections -fdata-sections -flto -DPLATFORMIO=60116 -DARDUINO_AVR_UNO -DDEBUG_ATMEGA328P -DF_CPU=16000000L -DARDUINO_ARCH_AVR -DARDUINO=10808 -I.pio\libdeps\uno_debug\FastLED\src -IC:\Users\vikto\.platformio\packages\framework-arduino-avr\cores\arduino -IC:\Users\vikto\.platformio\packages\framework-arduino-avr\variants\standard .pio\libdeps\uno_debug\FastLED\src\platforms\wasm\timer.cpp
avr-g++ -o .pio\build\uno_debug\libba5\FastLED\platforms\wasm\ui\button.cpp.o -c -fno-exceptions -fno-threadsafe-statics -fpermissive -std=gnu++11 -mmcu=atmega328p -Os -Wall -ffunction-sections -fdata-sections -flto -DPLATFORMIO=60116 -DARDUINO_AVR_UNO -DDEBUG_ATMEGA328P -DF_CPU=16000000L -DARDUINO_ARCH_AVR -DARDUINO=10808 -I.pio\libdeps\uno_debug\FastLED\src -IC:\Users\vikto\.platformio\packages\framework-arduino-avr\cores\arduino -IC:\Users\vikto\.platformio\packages\framework-arduino-avr\variants\standard .pio\libdeps\uno_debug\FastLED\src\platforms\wasm\ui\button.cpp
avr-g++ -o .pio\build\uno_debug\libba5\FastLED\platforms\wasm\ui\checkbox.cpp.o -c -fno-exceptions -fno-threadsafe-statics -fpermissive -std=gnu++11 -mmcu=atmega328p -Os -Wall -ffunction-sections -fdata-sections -flto -DPLATFORMIO=60116 -DARDUINO_AVR_UNO -DDEBUG_ATMEGA328P -DF_CPU=16000000L -DARDUINO_ARCH_AVR -DARDUINO=10808 -I.pio\libdeps\uno_debug\FastLED\src -IC:\Users\vikto\.platformio\packages\framework-arduino-avr\cores\arduino -IC:\Users\vikto\.platformio\packages\framework-arduino-avr\variants\standard .pio\libdeps\uno_debug\FastLED\src\platforms\wasm\ui\checkbox.cpp
avr-g++ -o .pio\build\uno_debug\libba5\FastLED\platforms\wasm\ui\description.cpp.o -c -fno-exceptions -fno-threadsafe-statics -fpermissive -std=gnu++11 -mmcu=atmega328p -Os -Wall -ffunction-sections -fdata-sections -flto -DPLATFORMIO=60116 -DARDUINO_AVR_UNO -DDEBUG_ATMEGA328P -DF_CPU=16000000L -DARDUINO_ARCH_AVR -DARDUINO=10808 -I.pio\libdeps\uno_debug\FastLED\src -IC:\Users\vikto\.platformio\packages\framework-arduino-avr\cores\arduino -IC:\Users\vikto\.platformio\packages\framework-arduino-avr\variants\standard .pio\libdeps\uno_debug\FastLED\src\platforms\wasm\ui\description.cpp
avr-g++ -o .pio\build\uno_debug\libba5\FastLED\platforms\wasm\ui\slider.cpp.o -c -fno-exceptions -fno-threadsafe-statics -fpermissive -std=gnu++11 -mmcu=atmega328p -Os -Wall -ffunction-sections -fdata-sections -flto -DPLATFORMIO=60116 -DARDUINO_AVR_UNO -DDEBUG_ATMEGA328P -DF_CPU=16000000L -DARDUINO_ARCH_AVR -DARDUINO=10808 -I.pio\libdeps\uno_debug\FastLED\src -IC:\Users\vikto\.platformio\packages\framework-arduino-avr\cores\arduino -IC:\Users\vikto\.platformio\packages\framework-arduino-avr\variants\standard .pio\libdeps\uno_debug\FastLED\src\platforms\wasm\ui\slider.cpp
avr-g++ -o .pio\build\uno_debug\libba5\FastLED\platforms\wasm\ui\title.cpp.o -c -fno-exceptions -fno-threadsafe-statics -fpermissive -std=gnu++11 -mmcu=atmega328p -Os -Wall -ffunction-sections -fdata-sections -flto -DPLATFORMIO=60116 -DARDUINO_AVR_UNO -DDEBUG_ATMEGA328P -DF_CPU=16000000L -DARDUINO_ARCH_AVR -DARDUINO=10808 -I.pio\libdeps\uno_debug\FastLED\src -IC:\Users\vikto\.platformio\packages\framework-arduino-avr\cores\arduino -IC:\Users\vikto\.platformio\packages\framework-arduino-avr\variants\standard .pio\libdeps\uno_debug\FastLED\src\platforms\wasm\ui\title.cpp
avr-g++ -o .pio\build\uno_debug\libba5\FastLED\platforms\wasm\ui\ui_internal.cpp.o -c -fno-exceptions -fno-threadsafe-statics -fpermissive -std=gnu++11 -mmcu=atmega328p -Os -Wall -ffunction-sections -fdata-sections -flto -DPLATFORMIO=60116 -DARDUINO_AVR_UNO -DDEBUG_ATMEGA328P -DF_CPU=16000000L -DARDUINO_ARCH_AVR -DARDUINO=10808 -I.pio\libdeps\uno_debug\FastLED\src -IC:\Users\vikto\.platformio\packages\framework-arduino-avr\cores\arduino -IC:\Users\vikto\.platformio\packages\framework-arduino-avr\variants\standard .pio\libdeps\uno_debug\FastLED\src\platforms\wasm\ui\ui_internal.cpp
avr-g++ -o .pio\build\uno_debug\libba5\FastLED\platforms\wasm\ui\ui_manager.cpp.o -c -fno-exceptions -fno-threadsafe-statics -fpermissive -std=gnu++11 -mmcu=atmega328p -Os -Wall -ffunction-sections -fdata-sections -flto -DPLATFORMIO=60116 -DARDUINO_AVR_UNO -DDEBUG_ATMEGA328P -DF_CPU=16000000L -DARDUINO_ARCH_AVR -DARDUINO=10808 -I.pio\libdeps\uno_debug\FastLED\src -IC:\Users\vikto\.platformio\packages\framework-arduino-avr\cores\arduino -IC:\Users\vikto\.platformio\packages\framework-arduino-avr\variants\standard .pio\libdeps\uno_debug\FastLED\src\platforms\wasm\ui\ui_manager.cpp
avr-g++ -o .pio\build\uno_debug\libba5\FastLED\platforms\wasm\ui\ui_number_field.cpp.o -c -fno-exceptions -fno-threadsafe-statics -fpermissive -std=gnu++11 -mmcu=atmega328p -Os -Wall -ffunction-sections -fdata-sections -flto -DPLATFORMIO=60116 -DARDUINO_AVR_UNO -DDEBUG_ATMEGA328P -DF_CPU=16000000L -DARDUINO_ARCH_AVR -DARDUINO=10808 -I.pio\libdeps\uno_debug\FastLED\src -IC:\Users\vikto\.platformio\packages\framework-arduino-avr\cores\arduino -IC:\Users\vikto\.platformio\packages\framework-arduino-avr\variants\standard .pio\libdeps\uno_debug\FastLED\src\platforms\wasm\ui\ui_number_field.cpp
avr-g++ -o .pio\build\uno_debug\libba5\FastLED\power_mgt.cpp.o -c -fno-exceptions -fno-threadsafe-statics -fpermissive -std=gnu++11 -mmcu=atmega328p -Os -Wall -ffunction-sections -fdata-sections -flto -DPLATFORMIO=60116 -DARDUINO_AVR_UNO -DDEBUG_ATMEGA328P -DF_CPU=16000000L -DARDUINO_ARCH_AVR -DARDUINO=10808 -I.pio\libdeps\uno_debug\FastLED\src -IC:\Users\vikto\.platformio\packages\framework-arduino-avr\cores\arduino -IC:\Users\vikto\.platformio\packages\framework-arduino-avr\variants\standard .pio\libdeps\uno_debug\FastLED\src\power_mgt.cpp
avr-g++ -o .pio\build\uno_debug\libba5\FastLED\rgbw.cpp.o -c -fno-exceptions -fno-threadsafe-statics -fpermissive -std=gnu++11 -mmcu=atmega328p -Os -Wall -ffunction-sections -fdata-sections -flto -DPLATFORMIO=60116 -DARDUINO_AVR_UNO -DDEBUG_ATMEGA328P -DF_CPU=16000000L -DARDUINO_ARCH_AVR -DARDUINO=10808 -I.pio\libdeps\uno_debug\FastLED\src -IC:\Users\vikto\.platformio\packages\framework-arduino-avr\cores\arduino -IC:\Users\vikto\.platformio\packages\framework-arduino-avr\variants\standard .pio\libdeps\uno_debug\FastLED\src\rgbw.cpp
avr-g++ -o .pio\build\uno_debug\libba5\FastLED\sensors\digital_pin.cpp.o -c -fno-exceptions -fno-threadsafe-statics -fpermissive -std=gnu++11 -mmcu=atmega328p -Os -Wall -ffunction-sections -fdata-sections -flto -DPLATFORMIO=60116 -DARDUINO_AVR_UNO -DDEBUG_ATMEGA328P -DF_CPU=16000000L -DARDUINO_ARCH_AVR -DARDUINO=10808 -I.pio\libdeps\uno_debug\FastLED\src -IC:\Users\vikto\.platformio\packages\framework-arduino-avr\cores\arduino -IC:\Users\vikto\.platformio\packages\framework-arduino-avr\variants\standard .pio\libdeps\uno_debug\FastLED\src\sensors\digital_pin.cpp
avr-g++ -o .pio\build\uno_debug\libba5\FastLED\sensors\pir.cpp.o -c -fno-exceptions -fno-threadsafe-statics -fpermissive -std=gnu++11 -mmcu=atmega328p -Os -Wall -ffunction-sections -fdata-sections -flto -DPLATFORMIO=60116 -DARDUINO_AVR_UNO -DDEBUG_ATMEGA328P -DF_CPU=16000000L -DARDUINO_ARCH_AVR -DARDUINO=10808 -I.pio\libdeps\uno_debug\FastLED\src -IC:\Users\vikto\.platformio\packages\framework-arduino-avr\cores\arduino -IC:\Users\vikto\.platformio\packages\framework-arduino-avr\variants\standard .pio\libdeps\uno_debug\FastLED\src\sensors\pir.cpp
avr-g++ -o .pio\build\uno_debug\libba5\FastLED\simplex.cpp.o -c -fno-exceptions -fno-threadsafe-statics -fpermissive -std=gnu++11 -mmcu=atmega328p -Os -Wall -ffunction-sections -fdata-sections -flto -DPLATFORMIO=60116 -DARDUINO_AVR_UNO -DDEBUG_ATMEGA328P -DF_CPU=16000000L -DARDUINO_ARCH_AVR -DARDUINO=10808 -I.pio\libdeps\uno_debug\FastLED\src -IC:\Users\vikto\.platformio\packages\framework-arduino-avr\cores\arduino -IC:\Users\vikto\.platformio\packages\framework-arduino-avr\variants\standard .pio\libdeps\uno_debug\FastLED\src\simplex.cpp
avr-gcc -o .pio\build\uno_debug\libba5\FastLED\third_party\espressif\led_strip\src\led_strip_api.c.o -c -std=gnu11 -fno-fat-lto-objects -mmcu=atmega328p -Os -Wall -ffunction-sections -fdata-sections -flto -DPLATFORMIO=60116 -DARDUINO_AVR_UNO -DDEBUG_ATMEGA328P -DF_CPU=16000000L -DARDUINO_ARCH_AVR -DARDUINO=10808 -I.pio\libdeps\uno_debug\FastLED\src -IC:\Users\vikto\.platformio\packages\framework-arduino-avr\cores\arduino -IC:\Users\vikto\.platformio\packages\framework-arduino-avr\variants\standard .pio\libdeps\uno_debug\FastLED\src\third_party\espressif\led_strip\src\led_strip_api.c
avr-gcc -o .pio\build\uno_debug\libba5\FastLED\third_party\espressif\led_strip\src\led_strip_rmt_dev.c.o -c -std=gnu11 -fno-fat-lto-objects -mmcu=atmega328p -Os -Wall -ffunction-sections -fdata-sections -flto -DPLATFORMIO=60116 -DARDUINO_AVR_UNO -DDEBUG_ATMEGA328P -DF_CPU=16000000L -DARDUINO_ARCH_AVR -DARDUINO=10808 -I.pio\libdeps\uno_debug\FastLED\src -IC:\Users\vikto\.platformio\packages\framework-arduino-avr\cores\arduino -IC:\Users\vikto\.platformio\packages\framework-arduino-avr\variants\standard .pio\libdeps\uno_debug\FastLED\src\third_party\espressif\led_strip\src\led_strip_rmt_dev.c
avr-gcc -o .pio\build\uno_debug\libba5\FastLED\third_party\espressif\led_strip\src\led_strip_rmt_encoder.c.o -c -std=gnu11 -fno-fat-lto-objects -mmcu=atmega328p -Os -Wall -ffunction-sections -fdata-sections -flto -DPLATFORMIO=60116 -DARDUINO_AVR_UNO -DDEBUG_ATMEGA328P -DF_CPU=16000000L -DARDUINO_ARCH_AVR -DARDUINO=10808 -I.pio\libdeps\uno_debug\FastLED\src -IC:\Users\vikto\.platformio\packages\framework-arduino-avr\cores\arduino -IC:\Users\vikto\.platformio\packages\framework-arduino-avr\variants\standard .pio\libdeps\uno_debug\FastLED\src\third_party\espressif\led_strip\src\led_strip_rmt_encoder.c
avr-gcc -o .pio\build\uno_debug\libba5\FastLED\third_party\espressif\led_strip\src\led_strip_spi_dev.c.o -c -std=gnu11 -fno-fat-lto-objects -mmcu=atmega328p -Os -Wall -ffunction-sections -fdata-sections -flto -DPLATFORMIO=60116 -DARDUINO_AVR_UNO -DDEBUG_ATMEGA328P -DF_CPU=16000000L -DARDUINO_ARCH_AVR -DARDUINO=10808 -I.pio\libdeps\uno_debug\FastLED\src -IC:\Users\vikto\.platformio\packages\framework-arduino-avr\cores\arduino -IC:\Users\vikto\.platformio\packages\framework-arduino-avr\variants\standard .pio\libdeps\uno_debug\FastLED\src\third_party\espressif\led_strip\src\led_strip_spi_dev.c
avr-g++ -o .pio\build\uno_debug\libba5\FastLED\third_party\espressif\led_strip\strip_rmt.cpp.o -c -fno-exceptions -fno-threadsafe-statics -fpermissive -std=gnu++11 -mmcu=atmega328p -Os -Wall -ffunction-sections -fdata-sections -flto -DPLATFORMIO=60116 -DARDUINO_AVR_UNO -DDEBUG_ATMEGA328P -DF_CPU=16000000L -DARDUINO_ARCH_AVR -DARDUINO=10808 -I.pio\libdeps\uno_debug\FastLED\src -IC:\Users\vikto\.platformio\packages\framework-arduino-avr\cores\arduino -IC:\Users\vikto\.platformio\packages\framework-arduino-avr\variants\standard .pio\libdeps\uno_debug\FastLED\src\third_party\espressif\led_strip\strip_rmt.cpp
avr-g++ -o .pio\build\uno_debug\libba5\FastLED\third_party\espressif\led_strip\strip_spi.cpp.o -c -fno-exceptions -fno-threadsafe-statics -fpermissive -std=gnu++11 -mmcu=atmega328p -Os -Wall -ffunction-sections -fdata-sections -flto -DPLATFORMIO=60116 -DARDUINO_AVR_UNO -DDEBUG_ATMEGA328P -DF_CPU=16000000L -DARDUINO_ARCH_AVR -DARDUINO=10808 -I.pio\libdeps\uno_debug\FastLED\src -IC:\Users\vikto\.platformio\packages\framework-arduino-avr\cores\arduino -IC:\Users\vikto\.platformio\packages\framework-arduino-avr\variants\standard .pio\libdeps\uno_debug\FastLED\src\third_party\espressif\led_strip\strip_spi.cpp
avr-g++ -o .pio\build\uno_debug\libba5\FastLED\third_party\object_fled\src\OjectFLED.cpp.o -c -fno-exceptions -fno-threadsafe-statics -fpermissive -std=gnu++11 -mmcu=atmega328p -Os -Wall -ffunction-sections -fdata-sections -flto -DPLATFORMIO=60116 -DARDUINO_AVR_UNO -DDEBUG_ATMEGA328P -DF_CPU=16000000L -DARDUINO_ARCH_AVR -DARDUINO=10808 -I.pio\libdeps\uno_debug\FastLED\src -IC:\Users\vikto\.platformio\packages\framework-arduino-avr\cores\arduino -IC:\Users\vikto\.platformio\packages\framework-arduino-avr\variants\standard .pio\libdeps\uno_debug\FastLED\src\third_party\object_fled\src\OjectFLED.cpp
avr-g++ -o .pio\build\uno_debug\libba5\FastLED\transpose8x1_noinline.cpp.o -c -fno-exceptions -fno-threadsafe-statics -fpermissive -std=gnu++11 -mmcu=atmega328p -Os -Wall -ffunction-sections -fdata-sections -flto -DPLATFORMIO=60116 -DARDUINO_AVR_UNO -DDEBUG_ATMEGA328P -DF_CPU=16000000L -DARDUINO_ARCH_AVR -DARDUINO=10808 -I.pio\libdeps\uno_debug\FastLED\src -IC:\Users\vikto\.platformio\packages\framework-arduino-avr\cores\arduino -IC:\Users\vikto\.platformio\packages\framework-arduino-avr\variants\standard .pio\libdeps\uno_debug\FastLED\src\transpose8x1_noinline.cpp
avr-g++ -o .pio\build\uno_debug\libba5\FastLED\wiring.cpp.o -c -fno-exceptions -fno-threadsafe-statics -fpermissive -std=gnu++11 -mmcu=atmega328p -Os -Wall -ffunction-sections -fdata-sections -flto -DPLATFORMIO=60116 -DARDUINO_AVR_UNO -DDEBUG_ATMEGA328P -DF_CPU=16000000L -DARDUINO_ARCH_AVR -DARDUINO=10808 -I.pio\libdeps\uno_debug\FastLED\src -IC:\Users\vikto\.platformio\packages\framework-arduino-avr\cores\arduino -IC:\Users\vikto\.platformio\packages\framework-arduino-avr\variants\standard .pio\libdeps\uno_debug\FastLED\src\wiring.cpp
avr-g++ -o .pio\build\uno_debug\src\main.cpp.o -c -fno-exceptions -fno-threadsafe-statics -fpermissive -std=gnu++11 -mmcu=atmega328p -Os -Wall -ffunction-sections -fdata-sections -flto -DPLATFORMIO=60116 -DARDUINO_AVR_UNO -DDEBUG_ATMEGA328P -DF_CPU=16000000L -DARDUINO_ARCH_AVR -DARDUINO=10808 -Iinclude -Isrc -I.pio\libdeps\uno_debug\avr-debugger\avr8-stub -I.pio\libdeps\uno_debug\IRremote\src -I.pio\libdeps\uno_debug\FastLED\src -IC:\Users\vikto\.platformio\packages\framework-arduino-avr\cores\arduino -IC:\Users\vikto\.platformio\packages\framework-arduino-avr\variants\standard src\main.cpp
avr-gcc -o .pio\build\uno_debug\lib55f\avr-debugger\app_api.c.o -c -std=gnu11 -fno-fat-lto-objects -mmcu=atmega328p -Os -Wall -ffunction-sections -fdata-sections -flto -DPLATFORMIO=60116 -DARDUINO_AVR_UNO -DDEBUG_ATMEGA328P -DF_CPU=16000000L -DARDUINO_ARCH_AVR -DARDUINO=10808 -I.pio\libdeps\uno_debug\avr-debugger\avr8-stub -IC:\Users\vikto\.platformio\packages\framework-arduino-avr\cores\arduino -IC:\Users\vikto\.platformio\packages\framework-arduino-avr\variants\standard .pio\libdeps\uno_debug\avr-debugger\avr8-stub\app_api.c
avr-gcc -o .pio\build\uno_debug\lib55f\avr-debugger\avr8-stub.c.o -c -std=gnu11 -fno-fat-lto-objects -mmcu=atmega328p -Os -Wall -ffunction-sections -fdata-sections -flto -DPLATFORMIO=60116 -DARDUINO_AVR_UNO -DDEBUG_ATMEGA328P -DF_CPU=16000000L -DARDUINO_ARCH_AVR -DARDUINO=10808 -I.pio\libdeps\uno_debug\avr-debugger\avr8-stub -IC:\Users\vikto\.platformio\packages\framework-arduino-avr\cores\arduino -IC:\Users\vikto\.platformio\packages\framework-arduino-avr\variants\standard .pio\libdeps\uno_debug\avr-debugger\avr8-stub\avr8-stub.c
avr-gcc-ar rc .pio\build\uno_debug\libFrameworkArduinoVariant.a
avr-g++ -o .pio\build\uno_debug\FrameworkArduino\CDC.cpp.o -c -fno-exceptions -fno-threadsafe-statics -fpermissive -std=gnu++11 -mmcu=atmega328p -Os -Wall -ffunction-sections -fdata-sections -flto -DPLATFORMIO=60116 -DARDUINO_AVR_UNO -DDEBUG_ATMEGA328P -DF_CPU=16000000L -DARDUINO_ARCH_AVR -DARDUINO=10808 -IC:\Users\vikto\.platformio\packages\framework-arduino-avr\cores\arduino -IC:\Users\vikto\.platformio\packages\framework-arduino-avr\variants\standard C:\Users\vikto\.platformio\packages\framework-arduino-avr\cores\arduino\CDC.cpp
avr-gcc-ar rc .pio\build\uno_debug\lib55f\libavr-debugger.a .pio\build\uno_debug\lib55f\avr-debugger\app_api.c.o .pio\build\uno_debug\lib55f\avr-debugger\avr8-stub.c.o
avr-g++ -o .pio\build\uno_debug\FrameworkArduino\HardwareSerial.cpp.o -c -fno-exceptions -fno-threadsafe-statics -fpermissive -std=gnu++11 -mmcu=atmega328p -Os -Wall -ffunction-sections -fdata-sections -flto -DPLATFORMIO=60116 -DARDUINO_AVR_UNO -DDEBUG_ATMEGA328P -DF_CPU=16000000L -DARDUINO_ARCH_AVR -DARDUINO=10808 -IC:\Users\vikto\.platformio\packages\framework-arduino-avr\cores\arduino -IC:\Users\vikto\.platformio\packages\framework-arduino-avr\variants\standard C:\Users\vikto\.platformio\packages\framework-arduino-avr\cores\arduino\HardwareSerial.cpp
avr-g++ -o .pio\build\uno_debug\FrameworkArduino\HardwareSerial0.cpp.o -c -fno-exceptions -fno-threadsafe-statics -fpermissive -std=gnu++11 -mmcu=atmega328p -Os -Wall -ffunction-sections -fdata-sections -flto -DPLATFORMIO=60116 -DARDUINO_AVR_UNO -DDEBUG_ATMEGA328P -DF_CPU=16000000L -DARDUINO_ARCH_AVR -DARDUINO=10808 -IC:\Users\vikto\.platformio\packages\framework-arduino-avr\cores\arduino -IC:\Users\vikto\.platformio\packages\framework-arduino-avr\variants\standard C:\Users\vikto\.platformio\packages\framework-arduino-avr\cores\arduino\HardwareSerial0.cpp
avr-g++ -o .pio\build\uno_debug\FrameworkArduino\HardwareSerial1.cpp.o -c -fno-exceptions -fno-threadsafe-statics -fpermissive -std=gnu++11 -mmcu=atmega328p -Os -Wall -ffunction-sections -fdata-sections -flto -DPLATFORMIO=60116 -DARDUINO_AVR_UNO -DDEBUG_ATMEGA328P -DF_CPU=16000000L -DARDUINO_ARCH_AVR -DARDUINO=10808 -IC:\Users\vikto\.platformio\packages\framework-arduino-avr\cores\arduino -IC:\Users\vikto\.platformio\packages\framework-arduino-avr\variants\standard C:\Users\vikto\.platformio\packages\framework-arduino-avr\cores\arduino\HardwareSerial1.cpp
avr-g++ -o .pio\build\uno_debug\FrameworkArduino\HardwareSerial2.cpp.o -c -fno-exceptions -fno-threadsafe-statics -fpermissive -std=gnu++11 -mmcu=atmega328p -Os -Wall -ffunction-sections -fdata-sections -flto -DPLATFORMIO=60116 -DARDUINO_AVR_UNO -DDEBUG_ATMEGA328P -DF_CPU=16000000L -DARDUINO_ARCH_AVR -DARDUINO=10808 -IC:\Users\vikto\.platformio\packages\framework-arduino-avr\cores\arduino -IC:\Users\vikto\.platformio\packages\framework-arduino-avr\variants\standard C:\Users\vikto\.platformio\packages\framework-arduino-avr\cores\arduino\HardwareSerial2.cpp
avr-g++ -o .pio\build\uno_debug\FrameworkArduino\HardwareSerial3.cpp.o -c -fno-exceptions -fno-threadsafe-statics -fpermissive -std=gnu++11 -mmcu=atmega328p -Os -Wall -ffunction-sections -fdata-sections -flto -DPLATFORMIO=60116 -DARDUINO_AVR_UNO -DDEBUG_ATMEGA328P -DF_CPU=16000000L -DARDUINO_ARCH_AVR -DARDUINO=10808 -IC:\Users\vikto\.platformio\packages\framework-arduino-avr\cores\arduino -IC:\Users\vikto\.platformio\packages\framework-arduino-avr\variants\standard C:\Users\vikto\.platformio\packages\framework-arduino-avr\cores\arduino\HardwareSerial3.cpp
avr-g++ -o .pio\build\uno_debug\FrameworkArduino\IPAddress.cpp.o -c -fno-exceptions -fno-threadsafe-statics -fpermissive -std=gnu++11 -mmcu=atmega328p -Os -Wall -ffunction-sections -fdata-sections -flto -DPLATFORMIO=60116 -DARDUINO_AVR_UNO -DDEBUG_ATMEGA328P -DF_CPU=16000000L -DARDUINO_ARCH_AVR -DARDUINO=10808 -IC:\Users\vikto\.platformio\packages\framework-arduino-avr\cores\arduino -IC:\Users\vikto\.platformio\packages\framework-arduino-avr\variants\standard C:\Users\vikto\.platformio\packages\framework-arduino-avr\cores\arduino\IPAddress.cpp
avr-g++ -o .pio\build\uno_debug\FrameworkArduino\PluggableUSB.cpp.o -c -fno-exceptions -fno-threadsafe-statics -fpermissive -std=gnu++11 -mmcu=atmega328p -Os -Wall -ffunction-sections -fdata-sections -flto -DPLATFORMIO=60116 -DARDUINO_AVR_UNO -DDEBUG_ATMEGA328P -DF_CPU=16000000L -DARDUINO_ARCH_AVR -DARDUINO=10808 -IC:\Users\vikto\.platformio\packages\framework-arduino-avr\cores\arduino -IC:\Users\vikto\.platformio\packages\framework-arduino-avr\variants\standard C:\Users\vikto\.platformio\packages\framework-arduino-avr\cores\arduino\PluggableUSB.cpp
avr-g++ -o .pio\build\uno_debug\FrameworkArduino\Print.cpp.o -c -fno-exceptions -fno-threadsafe-statics -fpermissive -std=gnu++11 -mmcu=atmega328p -Os -Wall -ffunction-sections -fdata-sections -flto -DPLATFORMIO=60116 -DARDUINO_AVR_UNO -DDEBUG_ATMEGA328P -DF_CPU=16000000L -DARDUINO_ARCH_AVR -DARDUINO=10808 -IC:\Users\vikto\.platformio\packages\framework-arduino-avr\cores\arduino -IC:\Users\vikto\.platformio\packages\framework-arduino-avr\variants\standard C:\Users\vikto\.platformio\packages\framework-arduino-avr\cores\arduino\Print.cpp
avr-g++ -o .pio\build\uno_debug\FrameworkArduino\Stream.cpp.o -c -fno-exceptions -fno-threadsafe-statics -fpermissive -std=gnu++11 -mmcu=atmega328p -Os -Wall -ffunction-sections -fdata-sections -flto -DPLATFORMIO=60116 -DARDUINO_AVR_UNO -DDEBUG_ATMEGA328P -DF_CPU=16000000L -DARDUINO_ARCH_AVR -DARDUINO=10808 -IC:\Users\vikto\.platformio\packages\framework-arduino-avr\cores\arduino -IC:\Users\vikto\.platformio\packages\framework-arduino-avr\variants\standard C:\Users\vikto\.platformio\packages\framework-arduino-avr\cores\arduino\Stream.cpp
avr-g++ -o .pio\build\uno_debug\FrameworkArduino\Tone.cpp.o -c -fno-exceptions -fno-threadsafe-statics -fpermissive -std=gnu++11 -mmcu=atmega328p -Os -Wall -ffunction-sections -fdata-sections -flto -DPLATFORMIO=60116 -DARDUINO_AVR_UNO -DDEBUG_ATMEGA328P -DF_CPU=16000000L -DARDUINO_ARCH_AVR -DARDUINO=10808 -IC:\Users\vikto\.platformio\packages\framework-arduino-avr\cores\arduino -IC:\Users\vikto\.platformio\packages\framework-arduino-avr\variants\standard C:\Users\vikto\.platformio\packages\framework-arduino-avr\cores\arduino\Tone.cpp
avr-g++ -o .pio\build\uno_debug\FrameworkArduino\USBCore.cpp.o -c -fno-exceptions -fno-threadsafe-statics -fpermissive -std=gnu++11 -mmcu=atmega328p -Os -Wall -ffunction-sections -fdata-sections -flto -DPLATFORMIO=60116 -DARDUINO_AVR_UNO -DDEBUG_ATMEGA328P -DF_CPU=16000000L -DARDUINO_ARCH_AVR -DARDUINO=10808 -IC:\Users\vikto\.platformio\packages\framework-arduino-avr\cores\arduino -IC:\Users\vikto\.platformio\packages\framework-arduino-avr\variants\standard C:\Users\vikto\.platformio\packages\framework-arduino-avr\cores\arduino\USBCore.cpp
avr-gcc -o .pio\build\uno_debug\FrameworkArduino\WInterrupts.c.o -c -std=gnu11 -fno-fat-lto-objects -mmcu=atmega328p -Os -Wall -ffunction-sections -fdata-sections -flto -DPLATFORMIO=60116 -DARDUINO_AVR_UNO -DDEBUG_ATMEGA328P -DF_CPU=16000000L -DARDUINO_ARCH_AVR -DARDUINO=10808 -IC:\Users\vikto\.platformio\packages\framework-arduino-avr\cores\arduino -IC:\Users\vikto\.platformio\packages\framework-arduino-avr\variants\standard C:\Users\vikto\.platformio\packages\framework-arduino-avr\cores\arduino\WInterrupts.c
avr-g++ -o .pio\build\uno_debug\FrameworkArduino\WMath.cpp.o -c -fno-exceptions -fno-threadsafe-statics -fpermissive -std=gnu++11 -mmcu=atmega328p -Os -Wall -ffunction-sections -fdata-sections -flto -DPLATFORMIO=60116 -DARDUINO_AVR_UNO -DDEBUG_ATMEGA328P -DF_CPU=16000000L -DARDUINO_ARCH_AVR -DARDUINO=10808 -IC:\Users\vikto\.platformio\packages\framework-arduino-avr\cores\arduino -IC:\Users\vikto\.platformio\packages\framework-arduino-avr\variants\standard C:\Users\vikto\.platformio\packages\framework-arduino-avr\cores\arduino\WMath.cpp
avr-g++ -o .pio\build\uno_debug\FrameworkArduino\WString.cpp.o -c -fno-exceptions -fno-threadsafe-statics -fpermissive -std=gnu++11 -mmcu=atmega328p -Os -Wall -ffunction-sections -fdata-sections -flto -DPLATFORMIO=60116 -DARDUINO_AVR_UNO -DDEBUG_ATMEGA328P -DF_CPU=16000000L -DARDUINO_ARCH_AVR -DARDUINO=10808 -IC:\Users\vikto\.platformio\packages\framework-arduino-avr\cores\arduino -IC:\Users\vikto\.platformio\packages\framework-arduino-avr\variants\standard C:\Users\vikto\.platformio\packages\framework-arduino-avr\cores\arduino\WString.cpp
avr-g++ -o .pio\build\uno_debug\FrameworkArduino\abi.cpp.o -c -fno-exceptions -fno-threadsafe-statics -fpermissive -std=gnu++11 -mmcu=atmega328p -Os -Wall -ffunction-sections -fdata-sections -flto -DPLATFORMIO=60116 -DARDUINO_AVR_UNO -DDEBUG_ATMEGA328P -DF_CPU=16000000L -DARDUINO_ARCH_AVR -DARDUINO=10808 -IC:\Users\vikto\.platformio\packages\framework-arduino-avr\cores\arduino -IC:\Users\vikto\.platformio\packages\framework-arduino-avr\variants\standard C:\Users\vikto\.platformio\packages\framework-arduino-avr\cores\arduino\abi.cpp
avr-gcc -o .pio\build\uno_debug\FrameworkArduino\hooks.c.o -c -std=gnu11 -fno-fat-lto-objects -mmcu=atmega328p -Os -Wall -ffunction-sections -fdata-sections -flto -DPLATFORMIO=60116 -DARDUINO_AVR_UNO -DDEBUG_ATMEGA328P -DF_CPU=16000000L -DARDUINO_ARCH_AVR -DARDUINO=10808 -IC:\Users\vikto\.platformio\packages\framework-arduino-avr\cores\arduino -IC:\Users\vikto\.platformio\packages\framework-arduino-avr\variants\standard C:\Users\vikto\.platformio\packages\framework-arduino-avr\cores\arduino\hooks.c
avr-g++ -o .pio\build\uno_debug\FrameworkArduino\main.cpp.o -c -fno-exceptions -fno-threadsafe-statics -fpermissive -std=gnu++11 -mmcu=atmega328p -Os -Wall -ffunction-sections -fdata-sections -flto -DPLATFORMIO=60116 -DARDUINO_AVR_UNO -DDEBUG_ATMEGA328P -DF_CPU=16000000L -DARDUINO_ARCH_AVR -DARDUINO=10808 -IC:\Users\vikto\.platformio\packages\framework-arduino-avr\cores\arduino -IC:\Users\vikto\.platformio\packages\framework-arduino-avr\variants\standard C:\Users\vikto\.platformio\packages\framework-arduino-avr\cores\arduino\main.cpp
avr-g++ -o .pio\build\uno_debug\FrameworkArduino\new.cpp.o -c -fno-exceptions -fno-threadsafe-statics -fpermissive -std=gnu++11 -mmcu=atmega328p -Os -Wall -ffunction-sections -fdata-sections -flto -DPLATFORMIO=60116 -DARDUINO_AVR_UNO -DDEBUG_ATMEGA328P -DF_CPU=16000000L -DARDUINO_ARCH_AVR -DARDUINO=10808 -IC:\Users\vikto\.platformio\packages\framework-arduino-avr\cores\arduino -IC:\Users\vikto\.platformio\packages\framework-arduino-avr\variants\standard C:\Users\vikto\.platformio\packages\framework-arduino-avr\cores\arduino\new.cpp
avr-gcc -o .pio\build\uno_debug\FrameworkArduino\wiring.c.o -c -std=gnu11 -fno-fat-lto-objects -mmcu=atmega328p -Os -Wall -ffunction-sections -fdata-sections -flto -DPLATFORMIO=60116 -DARDUINO_AVR_UNO -DDEBUG_ATMEGA328P -DF_CPU=16000000L -DARDUINO_ARCH_AVR -DARDUINO=10808 -IC:\Users\vikto\.platformio\packages\framework-arduino-avr\cores\arduino -IC:\Users\vikto\.platformio\packages\framework-arduino-avr\variants\standard C:\Users\vikto\.platformio\packages\framework-arduino-avr\cores\arduino\wiring.c
avr-gcc -o .pio\build\uno_debug\FrameworkArduino\wiring_analog.c.o -c -std=gnu11 -fno-fat-lto-objects -mmcu=atmega328p -Os -Wall -ffunction-sections -fdata-sections -flto -DPLATFORMIO=60116 -DARDUINO_AVR_UNO -DDEBUG_ATMEGA328P -DF_CPU=16000000L -DARDUINO_ARCH_AVR -DARDUINO=10808 -IC:\Users\vikto\.platformio\packages\framework-arduino-avr\cores\arduino -IC:\Users\vikto\.platformio\packages\framework-arduino-avr\variants\standard C:\Users\vikto\.platformio\packages\framework-arduino-avr\cores\arduino\wiring_analog.c
avr-gcc -o .pio\build\uno_debug\FrameworkArduino\wiring_digital.c.o -c -std=gnu11 -fno-fat-lto-objects -mmcu=atmega328p -Os -Wall -ffunction-sections -fdata-sections -flto -DPLATFORMIO=60116 -DARDUINO_AVR_UNO -DDEBUG_ATMEGA328P -DF_CPU=16000000L -DARDUINO_ARCH_AVR -DARDUINO=10808 -IC:\Users\vikto\.platformio\packages\framework-arduino-avr\cores\arduino -IC:\Users\vikto\.platformio\packages\framework-arduino-avr\variants\standard C:\Users\vikto\.platformio\packages\framework-arduino-avr\cores\arduino\wiring_digital.c
avr-gcc -mmcu=atmega328p -x assembler-with-cpp -DPLATFORMIO=60116 -DARDUINO_AVR_UNO -DDEBUG_ATMEGA328P -DF_CPU=16000000L -DARDUINO_ARCH_AVR -DARDUINO=10808 -IC:\Users\vikto\.platformio\packages\framework-arduino-avr\cores\arduino -IC:\Users\vikto\.platformio\packages\framework-arduino-avr\variants\standard -c -o .pio\build\uno_debug\FrameworkArduino\wiring_pulse.S.o C:\Users\vikto\.platformio\packages\framework-arduino-avr\cores\arduino\wiring_pulse.S
avr-gcc -o .pio\build\uno_debug\FrameworkArduino\wiring_pulse.c.o -c -std=gnu11 -fno-fat-lto-objects -mmcu=atmega328p -Os -Wall -ffunction-sections -fdata-sections -flto -DPLATFORMIO=60116 -DARDUINO_AVR_UNO -DDEBUG_ATMEGA328P -DF_CPU=16000000L -DARDUINO_ARCH_AVR -DARDUINO=10808 -IC:\Users\vikto\.platformio\packages\framework-arduino-avr\cores\arduino -IC:\Users\vikto\.platformio\packages\framework-arduino-avr\variants\standard C:\Users\vikto\.platformio\packages\framework-arduino-avr\cores\arduino\wiring_pulse.c
avr-gcc -o .pio\build\uno_debug\FrameworkArduino\wiring_shift.c.o -c -std=gnu11 -fno-fat-lto-objects -mmcu=atmega328p -Os -Wall -ffunction-sections -fdata-sections -flto -DPLATFORMIO=60116 -DARDUINO_AVR_UNO -DDEBUG_ATMEGA328P -DF_CPU=16000000L -DARDUINO_ARCH_AVR -DARDUINO=10808 -IC:\Users\vikto\.platformio\packages\framework-arduino-avr\cores\arduino -IC:\Users\vikto\.platformio\packages\framework-arduino-avr\variants\standard C:\Users\vikto\.platformio\packages\framework-arduino-avr\cores\arduino\wiring_shift.c
avr-gcc-ar rc .pio\build\uno_debug\libFrameworkArduino.a .pio\build\uno_debug\FrameworkArduino\CDC.cpp.o .pio\build\uno_debug\FrameworkArduino\HardwareSerial.cpp.o .pio\build\uno_debug\FrameworkArduino\HardwareSerial0.cpp.o .pio\build\uno_debug\FrameworkArduino\HardwareSerial1.cpp.o .pio\build\uno_debug\FrameworkArduino\HardwareSerial2.cpp.o .pio\build\uno_debug\FrameworkArduino\HardwareSerial3.cpp.o .pio\build\uno_debug\FrameworkArduino\IPAddress.cpp.o .pio\build\uno_debug\FrameworkArduino\PluggableUSB.cpp.o .pio\build\uno_debug\FrameworkArduino\Print.cpp.o .pio\build\uno_debug\FrameworkArduino\Stream.cpp.o .pio\build\uno_debug\FrameworkArduino\Tone.cpp.o .pio\build\uno_debug\FrameworkArduino\USBCore.cpp.o .pio\build\uno_debug\FrameworkArduino\WInterrupts.c.o .pio\build\uno_debug\FrameworkArduino\WMath.cpp.o .pio\build\uno_debug\FrameworkArduino\WString.cpp.o .pio\build\uno_debug\FrameworkArduino\abi.cpp.o .pio\build\uno_debug\FrameworkArduino\hooks.c.o .pio\build\uno_debug\FrameworkArduino\main.cpp.o .pio\build\uno_debug\FrameworkArduino\new.cpp.o .pio\build\uno_debug\FrameworkArduino\wiring.c.o .pio\build\uno_debug\FrameworkArduino\wiring_analog.c.o .pio\build\uno_debug\FrameworkArduino\wiring_digital.c.o .pio\build\uno_debug\FrameworkArduino\wiring_pulse.S.o .pio\build\uno_debug\FrameworkArduino\wiring_pulse.c.o .pio\build\uno_debug\FrameworkArduino\wiring_shift.c.o
avr-g++ -o .pio\build\uno_debug\firmware.elf -mmcu=atmega328p -Os -Wl,--gc-sections -flto -fuse-linker-plugin .pio\build\uno_debug\libba5\FastLED\FastLED.cpp.o .pio\build\uno_debug\libba5\FastLED\bitswap.cpp.o .pio\build\uno_debug\libba5\FastLED\cled_controller.cpp.o .pio\build\uno_debug\libba5\FastLED\colorpalettes.cpp.o .pio\build\uno_debug\libba5\FastLED\colorutils.cpp.o .pio\build\uno_debug\libba5\FastLED\crgb.cpp.o .pio\build\uno_debug\libba5\FastLED\five_bit_hd_gamma.cpp.o .pio\build\uno_debug\libba5\FastLED\fl\allocator.cpp.o .pio\build\uno_debug\libba5\FastLED\fl\bytestreammemory.cpp.o .pio\build\uno_debug\libba5\FastLED\fl\engine_events.cpp.o .pio\build\uno_debug\libba5\FastLED\fl\file_system.cpp.o .pio\build\uno_debug\libba5\FastLED\fl\json.cpp.o .pio\build\uno_debug\libba5\FastLED\fl\ref.cpp.o .pio\build\uno_debug\libba5\FastLED\fl\screenmap.cpp.o .pio\build\uno_debug\libba5\FastLED\fl\str.cpp.o .pio\build\uno_debug\libba5\FastLED\fl\stub_main.cpp.o .pio\build\uno_debug\libba5\FastLED\fl\xmap.cpp.o .pio\build\uno_debug\libba5\FastLED\fl\xymap.cpp.o .pio\build\uno_debug\libba5\FastLED\fx\2d\bilinear_expansion.cpp.o .pio\build\uno_debug\libba5\FastLED\fx\2d\noisepalette.cpp.o .pio\build\uno_debug\libba5\FastLED\fx\2d\scale_up.cpp.o .pio\build\uno_debug\libba5\FastLED\fx\frame.cpp.o .pio\build\uno_debug\libba5\FastLED\fx\fx_engine.cpp.o .pio\build\uno_debug\libba5\FastLED\fx\time.cpp.o .pio\build\uno_debug\libba5\FastLED\fx\video.cpp.o .pio\build\uno_debug\libba5\FastLED\fx\video\frame_interpolator.cpp.o .pio\build\uno_debug\libba5\FastLED\fx\video\frame_tracker.cpp.o .pio\build\uno_debug\libba5\FastLED\fx\video\pixel_stream.cpp.o .pio\build\uno_debug\libba5\FastLED\fx\video\video_impl.cpp.o .pio\build\uno_debug\libba5\FastLED\hsv2rgb.cpp.o .pio\build\uno_debug\libba5\FastLED\lib8tion.cpp.o .pio\build\uno_debug\libba5\FastLED\noise.cpp.o .pio\build\uno_debug\libba5\FastLED\platforms.cpp.o .pio\build\uno_debug\libba5\FastLED\platforms\arm\k20\clockless_objectfled.cpp.o .pio\build\uno_debug\libba5\FastLED\platforms\esp\32\clockless_i2s_esp32s3.cpp.o .pio\build\uno_debug\libba5\FastLED\platforms\esp\32\experimental\s3_clockless_and_clocked_driver.cpp.o .pio\build\uno_debug\libba5\FastLED\platforms\esp\32\rmt\idf4_rmt.cpp.o .pio\build\uno_debug\libba5\FastLED\platforms\esp\32\rmt\idf4_rmt_impl.cpp.o .pio\build\uno_debug\libba5\FastLED\platforms\esp\32\rmt\idf5_rmt.cpp.o .pio\build\uno_debug\libba5\FastLED\platforms\wasm\active_strip_data.cpp.o .pio\build\uno_debug\libba5\FastLED\platforms\wasm\compiler\Arduino.cpp.o .pio\build\uno_debug\libba5\FastLED\platforms\wasm\engine_listener.cpp.o .pio\build\uno_debug\libba5\FastLED\platforms\wasm\fs_wasm.cpp.o .pio\build\uno_debug\libba5\FastLED\platforms\wasm\js.cpp.o .pio\build\uno_debug\libba5\FastLED\platforms\wasm\timer.cpp.o .pio\build\uno_debug\libba5\FastLED\platforms\wasm\ui\button.cpp.o .pio\build\uno_debug\libba5\FastLED\platforms\wasm\ui\checkbox.cpp.o .pio\build\uno_debug\libba5\FastLED\platforms\wasm\ui\description.cpp.o .pio\build\uno_debug\libba5\FastLED\platforms\wasm\ui\slider.cpp.o .pio\build\uno_debug\libba5\FastLED\platforms\wasm\ui\title.cpp.o .pio\build\uno_debug\libba5\FastLED\platforms\wasm\ui\ui_internal.cpp.o .pio\build\uno_debug\libba5\FastLED\platforms\wasm\ui\ui_manager.cpp.o .pio\build\uno_debug\libba5\FastLED\platforms\wasm\ui\ui_number_field.cpp.o .pio\build\uno_debug\libba5\FastLED\power_mgt.cpp.o .pio\build\uno_debug\libba5\FastLED\rgbw.cpp.o .pio\build\uno_debug\libba5\FastLED\sensors\digital_pin.cpp.o .pio\build\uno_debug\libba5\FastLED\sensors\pir.cpp.o .pio\build\uno_debug\libba5\FastLED\simplex.cpp.o .pio\build\uno_debug\libba5\FastLED\third_party\espressif\led_strip\src\led_strip_api.c.o .pio\build\uno_debug\libba5\FastLED\third_party\espressif\led_strip\src\led_strip_rmt_dev.c.o .pio\build\uno_debug\libba5\FastLED\third_party\espressif\led_strip\src\led_strip_rmt_encoder.c.o .pio\build\uno_debug\libba5\FastLED\third_party\espressif\led_strip\src\led_strip_spi_dev.c.o .pio\build\uno_debug\libba5\FastLED\third_party\espressif\led_strip\strip_rmt.cpp.o .pio\build\uno_debug\libba5\FastLED\third_party\espressif\led_strip\strip_spi.cpp.o .pio\build\uno_debug\libba5\FastLED\third_party\object_fled\src\OjectFLED.cpp.o .pio\build\uno_debug\libba5\FastLED\transpose8x1_noinline.cpp.o .pio\build\uno_debug\libba5\FastLED\wiring.cpp.o .pio\build\uno_debug\src\main.cpp.o -L.pio\build\uno_debug -Wl,--start-group .pio\build\uno_debug\lib55f\libavr-debugger.a .pio\build\uno_debug\libFrameworkArduinoVariant.a .pio\build\uno_debug\libFrameworkArduino.a -lm -Wl,--end-group
pio : HardwareSerial0.cpp.o (symbol from plugin): In function `Serial':
At line:1 char:1
+ pio run --verbose > compile.log 2>&1 --environment uno_debug
+ ~~~~~~~~~~~~~~~~~~~~~~~~~~~~~~~~~~~~~~~~~~~~~~~~~~~~~~~~~~~~
    + CategoryInfo          : NotSpecified: (HardwareSerial0...ction `Serial'::String) [], RemoteException
    + FullyQualifiedErrorId : NativeCommandError
 
(.text+0x0): multiple definition of `__vector_18'
avr8-stub.c.o (symbol from plugin):(.text+0x0): first defined here
collect2.exe: error: ld returned 1 exit status
*** [.pio\build\uno_debug\firmware.elf] Error 1
========================= [FAILED] Took 21.25 seconds =========================

Environment          Status    Duration
-------------------  --------  ------------
uno                  IGNORED
uno_debug            FAILED    00:00:21.246
Wokwi_uno            IGNORED
esp01_1m             IGNORED
esp01_1m_DEBUG       IGNORED
esp01_1m_BOOT-DEBUG  IGNORED
micro                IGNORED
==================== 1 failed, 0 succeeded in 00:00:21.246 ====================
